
> react-typescript-starter@0.1.0 test
> react-scripts test --coverage

Browserslist: caniuse-lite is outdated. Please run:
  npx browserslist@latest --update-db
  Why you should do it regularly: https://github.com/browserslist/browserslist#browsers-data-updating
Browserslist: caniuse-lite is outdated. Please run:
  npx browserslist@latest --update-db
  Why you should do it regularly: https://github.com/browserslist/browserslist#browsers-data-updating
Browserslist: caniuse-lite is outdated. Please run:
  npx browserslist@latest --update-db
  Why you should do it regularly: https://github.com/browserslist/browserslist#browsers-data-updating
PASS src/functions.test.ts
PASS src/text.test.tsx
  ● Console

    console.log
      anothermemecat.jpeg

      at Object.<anonymous> (src/App.tsx:9:9)

PASS src/App.test.tsx
  ● Console

    console.log
      anothermemecat.jpeg

      at Object.<anonymous> (src/App.tsx:9:9)

PASS src/HtmlCss.test.tsx
  ● Console

    console.log
      anothermemecat.jpeg

      at Object.<anonymous> (src/App.tsx:9:9)

--------------|---------|----------|---------|---------|-------------------
File          | % Stmts | % Branch | % Funcs | % Lines | Uncovered Line #s 
--------------|---------|----------|---------|---------|-------------------
All files     |   88.88 |    84.44 |     100 |   88.88 |                   
 App.tsx      |     100 |      100 |     100 |     100 |                   
 functions.ts |    87.5 |    84.44 |     100 |    87.5 | 23,27,29          
--------------|---------|----------|---------|---------|-------------------

Test Suites: 4 passed, 4 total
Tests:       14 passed, 14 total
Snapshots:   0 total
Time:        2.981 s
Ran all test suites.
